2026-8-31 14:35:54 - log: Load engine in C:\ProgramData\cocos\editors\Creator\3.8.8\resources\resources\3d\engine
2026-8-31 14:35:54 - log: Register native engine in C:\ProgramData\cocos\editors\Creator\3.8.8\resources\resources\3d\engine\native
2026-8-31 14:35:55 - log: Request namespace: device-list
2026-8-31 14:36:13 - log: [Scene] meshopt wasm decoder initialized
2026-8-31 14:36:13 - log: [Scene] [box2d]:box2d wasm lib loaded.
2026-8-31 14:36:13 - log: [Scene] [bullet]:bullet wasm lib loaded.
2026-8-31 14:36:13 - log: [Scene] [PHYSICS]: using builtin.
2026-8-31 14:36:14 - log: [Scene] Cocos Creator v3.8.8
2026-8-31 14:36:14 - log: [Scene] Using custom pipeline: Builtin
2026-8-31 14:36:14 - log: [Scene] [PHYSICS]: switch from builtin to bullet.
2026-8-31 14:36:14 - log: [Scene] [PHYSICS2D]: switch from builtin to box2d.
2026-8-31 15:17:51 - info: [PreviewInEditor] 预览环境初始化完毕
2026-8-31 15:17:52 - log: [PreviewInEditor] [bullet]:bullet wasm lib loaded.
2026-8-31 15:17:52 - log: [PreviewInEditor] meshopt wasm decoder initialized
2026-8-31 15:17:52 - log: [PreviewInEditor] [box2d]:box2d wasm lib loaded.
2026-8-31 15:17:52 - log: [PreviewInEditor] [PHYSICS]: using builtin.
2026-8-31 15:17:52 - log: [PreviewInEditor] Cocos Creator v3.8.8
2026-8-31 15:17:52 - log: [PreviewInEditor] Using custom pipeline: Builtin
2026-8-31 15:17:52 - log: [PreviewInEditor] [PHYSICS2D]: switch from builtin to box2d.
2026-8-31 15:18:04 - info: [PreviewInEditor] 预览环境初始化完毕
2026-8-31 15:20:17 - log: [PreviewInEditor] [box2d]:box2d wasm lib loaded.
2026-8-31 15:20:17 - log: [PreviewInEditor] meshopt wasm decoder initialized
2026-8-31 15:20:17 - log: [PreviewInEditor] [bullet]:bullet wasm lib loaded.
2026-8-31 15:20:17 - log: [PreviewInEditor] [PHYSICS]: using builtin.
2026-8-31 15:20:17 - log: [PreviewInEditor] Cocos Creator v3.8.8
2026-8-31 15:20:17 - log: [PreviewInEditor] Using custom pipeline: Builtin
2026-8-31 15:20:17 - log: [PreviewInEditor] [PHYSICS2D]: switch from builtin to box2d.
2026-8-31 15:20:20 - warn: [PreviewInEditor] IPC message has been lost.Error: [PreviewInEditor] IPC message has been lost.
    at console.warn (C:\ProgramData\cocos\editors\Creator\3.8.8\resources\app.asar\node_modules\@sentry\core\src\utils-hoist\instrument\console.ts:40:14)
    at IpcRenderer.<anonymous> (C:\ProgramData\cocos\editors\Creator\3.8.8\resources\app.asar\builtin\scene\dist\script\3d\manager\ipc\web\webview.ccc:1:1464)
    at IpcRenderer.emit (node:events:519:28)
    at Object.onMessage (node:electron/js2c/renderer_init:2:8837)
2026-8-31 15:20:20 - info: [PreviewInEditor] 预览环境初始化完毕
2026-8-31 18:22:06 - error: [Scene] {hidden(::SceneExecutorImportExceptionHandler::)} Error: SyntaxError: C:Program Files (x86)CocosDashboardile:D:GameByselfCocosProject1assetsScriptsCar.ts: Unexpected token (61:4)

  59 |     start() {
  60 |         this.Win_Label.
> 61 |     }
     |     ^
  62 |
  63 |     update(deltaTime: number) {
  64 |         if(!this.Move){return}
    at Object.execute (file:///D:/GameByself/Cocos/Project1/temp/programming/packer-driver/targets/editor/chunks/4e/4e217ac90f42d03b85bdd349f4310ee28c0e7022.js:8:13)
    at doExec (C:\ProgramData\cocos\editors\Creator\3.8.8\resources\app.asar\node_modules\@editor\lib-programming\static\executor\systemjs-bridge\out\index.js:517:30)
    at postOrderExec (C:\ProgramData\cocos\editors\Creator\3.8.8\resources\app.asar\node_modules\@editor\lib-programming\static\executor\systemjs-bridge\out\index.js:508:21)
    at C:\ProgramData\cocos\editors\Creator\3.8.8\resources\app.asar\node_modules\@editor\lib-programming\static\executor\systemjs-bridge\out\index.js:440:12
    at file:///D:/GameByself/Cocos/Project1/temp/programming/packer-driver/targets/editor/chunks/6d/6d8fd2b0177941b032ddc0733af48a561fb60657.js:13:13
    at Object.execute (file:///D:/GameByself/Cocos/Project1/temp/programming/packer-driver/targets/editor/chunks/6d/6d8fd2b0177941b032ddc0733af48a561fb60657.js:8:7)
    at Executor._importPrerequisiteModules (C:\ProgramData\cocos\editors\Creator\3.8.8\resources\app.asar\node_modules\@editor\lib-programming\src\executor\index.ts:358:13)
    at Executor.reload (C:\ProgramData\cocos\editors\Creator\3.8.8\resources\app.asar\node_modules\@editor\lib-programming\src\executor\index.ts:235:13)
    at C:\ProgramData\cocos\editors\Creator\3.8.8\resources\app.asar\builtin\scene\dist\script\3d\manager\scripts.ccc:1:1893
    at GlobalEnv.processQueue (C:\ProgramData\cocos\editors\Creator\3.8.8\resources\app.asar\builtin\scene\dist\script\3d\manager\scripts.ccc:1:2290)
    at GlobalEnv.record (C:\ProgramData\cocos\editors\Creator\3.8.8\resources\app.asar\builtin\scene\dist\script\3d\manager\scripts.ccc:1:2061)Error: [Scene] {hidden(::SceneExecutorImportExceptionHandler::)} Error: SyntaxError: C:Program Files (x86)CocosDashboardile:D:GameByselfCocosProject1assetsScriptsCar.ts: Unexpected token (61:4)

  59 |     start() {
  60 |         this.Win_Label.
> 61 |     }
  64 |         if(!this.Move){return}
    at Object.execute (file:///D:/GameByself/Cocos/Project1/temp/programming/packer-driver/targets/editor/chunks/4e/4e217ac90f42d03b85bdd349f4310ee28c0e7022.js:8:13)
    at doExec (C:\ProgramData\cocos\editors\Creator\3.8.8\resources\app.asar\node_modules\@editor\lib-programming\static\executor\systemjs-bridge\out\index.js:517:30)
    at postOrderExec (C:\ProgramData\cocos\editors\Creator\3.8.8\resources\app.asar\node_modules\@editor\lib-programming\static\executor\systemjs-bridge\out\index.js:508:21)
    at C:\ProgramData\cocos\editors\Creator\3.8.8\resources\app.asar\node_modules\@editor\lib-programming\static\executor\systemjs-bridge\out\index.js:440:12
    at file:///D:/GameByself/Cocos/Project1/temp/programming/packer-driver/targets/editor/chunks/6d/6d8fd2b0177941b032ddc0733af48a561fb60657.js:13:13
    at Object.execute (file:///D:/GameByself/Cocos/Project1/temp/programming/packer-driver/targets/editor/chunks/6d/6d8fd2b0177941b032ddc0733af48a561fb60657.js:8:7)
    at Executor._importPrerequisiteModules (C:\ProgramData\cocos\editors\Creator\3.8.8\resources\app.asar\node_modules\@editor\lib-programming\src\executor\index.ts:358:13)
    at Executor.reload (C:\ProgramData\cocos\editors\Creator\3.8.8\resources\app.asar\node_modules\@editor\lib-programming\src\executor\index.ts:235:13)
    at C:\ProgramData\cocos\editors\Creator\3.8.8\resources\app.asar\builtin\scene\dist\script\3d\manager\scripts.ccc:1:1893
    at GlobalEnv.processQueue (C:\ProgramData\cocos\editors\Creator\3.8.8\resources\app.asar\builtin\scene\dist\script\3d\manager\scripts.ccc:1:2290)
    at GlobalEnv.record (C:\ProgramData\cocos\editors\Creator\3.8.8\resources\app.asar\builtin\scene\dist\script\3d\manager\scripts.ccc:1:2061)
    at Logger._logHandler (C:\ProgramData\cocos\editors\Creator\3.8.8\resources\app.asar\builtin\scene\dist\script\3d\manager\startup\log.ccc:1:487)
    at Logger.record (C:\ProgramData\cocos\editors\Creator\3.8.8\resources\app.asar\node_modules\@base\electron-logger\lib\renderer.ccc:1:458)
    at console.<anonymous> (C:\ProgramData\cocos\editors\Creator\3.8.8\resources\app.asar\node_modules\@base\electron-logger\lib\renderer.ccc:1:1414)
    at console.error (C:\ProgramData\cocos\editors\Creator\3.8.8\resources\app.asar\node_modules\@sentry\core\src\utils-hoist\instrument\console.ts:40:14)
    at ScriptManager._handleImportException (C:\ProgramData\cocos\editors\Creator\3.8.8\resources\app.asar\builtin\scene\dist\script\3d\manager\scripts.ccc:1:5678)
    at Executor.importExceptionHandler [as _importExceptionHandler] (C:\ProgramData\cocos\editors\Creator\3.8.8\resources\app.asar\builtin\scene\dist\script\3d\manager\scripts.ccc:1:3834)
    at Executor._onModuleLoaded (C:\ProgramData\cocos\editors\Creator\3.8.8\resources\app.asar\node_modules\@editor\lib-programming\src\executor\index.ts:401:22)
    at SystemJS.onload (C:\ProgramData\cocos\editors\Creator\3.8.8\resources\app.asar\node_modules\@editor\lib-programming\src\executor\index.ts:99:18)
    at triggerOnload (C:\ProgramData\cocos\editors\Creator\3.8.8\resources\app.asar\node_modules\@editor\lib-programming\static\executor\systemjs-bridge\out\index.js:270:10)
    at doExec (C:\ProgramData\cocos\editors\Creator\3.8.8\resources\app.asar\node_modules\@editor\lib-programming\static\executor\systemjs-bridge\out\index.js:538:7)
    at postOrderExec (C:\ProgramData\cocos\editors\Creator\3.8.8\resources\app.asar\node_modules\@editor\lib-programming\static\executor\systemjs-bridge\out\index.js:508:21)
    at C:\ProgramData\cocos\editors\Creator\3.8.8\resources\app.asar\node_modules\@editor\lib-programming\static\executor\systemjs-bridge\out\index.js:440:12
    at file:///D:/GameByself/Cocos/Project1/temp/programming/packer-driver/targets/editor/chunks/6d/6d8fd2b0177941b032ddc0733af48a561fb60657.js:13:13
    at Object.execute (file:///D:/GameByself/Cocos/Project1/temp/programming/packer-driver/targets/editor/chunks/6d/6d8fd2b0177941b032ddc0733af48a561fb60657.js:8:7)
    at Executor._importPrerequisiteModules (C:\ProgramData\cocos\editors\Creator\3.8.8\resources\app.asar\node_modules\@editor\lib-programming\src\executor\index.ts:358:13)
    at Executor.reload (C:\ProgramData\cocos\editors\Creator\3.8.8\resources\app.asar\node_modules\@editor\lib-programming\src\executor\index.ts:235:13)
    at C:\ProgramData\cocos\editors\Creator\3.8.8\resources\app.asar\builtin\scene\dist\script\3d\manager\scripts.ccc:1:1893
    at GlobalEnv.processQueue (C:\ProgramData\cocos\editors\Creator\3.8.8\resources\app.asar\builtin\scene\dist\script\3d\manager\scripts.ccc:1:2290)
    at GlobalEnv.record (C:\ProgramData\cocos\editors\Creator\3.8.8\resources\app.asar\builtin\scene\dist\script\3d\manager\scripts.ccc:1:2061)
2026-8-31 18:22:06 - warn: [Scene] Missing class: 5a936/u9GFDxLq8mkKN2WctError: [Scene] Missing class: 5a936/u9GFDxLq8mkKN2Wct
    at console.warn (C:\ProgramData\cocos\editors\Creator\3.8.8\resources\app.asar\node_modules\@sentry\core\src\utils-hoist\instrument\console.ts:40:14)
    at Object.classFinder (C:\ProgramData\cocos\editors\Creator\3.8.8\resources\app.asar\builtin\engine\dist\editor-extends\missing-reporter\missing-class-reporter.ccc:7:982)
    at _Deserializer.classFinder [as _classFinder] (C:\ProgramData\cocos\editors\Creator\3.8.8\resources\resources\3d\engine\bin\.cache\dev\editor\bundled\index.js:137273:34)
    at _Deserializer._deserializeTypeTaggedObject (C:\ProgramData\cocos\editors\Creator\3.8.8\resources\resources\3d\engine\bin\.cache\dev\editor\bundled\index.js:46947:30)
    at _Deserializer._deserializeObject (C:\ProgramData\cocos\editors\Creator\3.8.8\resources\resources\3d\engine\bin\.cache\dev\editor\bundled\index.js:46901:29)
    at _Deserializer._deserializeAndAssignField (C:\ProgramData\cocos\editors\Creator\3.8.8\resources\resources\3d\engine\bin\.cache\dev\editor\bundled\index.js:47068:38)
    at _Deserializer._deserializeArray (C:\ProgramData\cocos\editors\Creator\3.8.8\resources\resources\3d\engine\bin\.cache\dev\editor\bundled\index.js:46929:40)
    at _Deserializer._deserializeObject (C:\ProgramData\cocos\editors\Creator\3.8.8\resources\resources\3d\engine\bin\.cache\dev\editor\bundled\index.js:46907:29)
    at _Deserializer._deserializeAndAssignField (C:\ProgramData\cocos\editors\Creator\3.8.8\resources\resources\3d\engine\bin\.cache\dev\editor\bundled\index.js:47080:36)
    at eval (C:\ProgramData\cocos\editors\Creator\3.8.8\resources\resources\3d\engine\bin\.cache\dev\editor\bundled\index.js:46669:15)
    at _Deserializer._deserializeFireClass (C:\ProgramData\cocos\editors\Creator\3.8.8\resources\resources\3d\engine\bin\.cache\dev\editor\bundled\index.js:47051:11)
    at _Deserializer._deserializeInto (C:\ProgramData\cocos\editors\Creator\3.8.8\resources\resources\3d\engine\bin\.cache\dev\editor\bundled\index.js:46993:18)
    at _Deserializer._deserializeTypeTaggedObject (C:\ProgramData\cocos\editors\Creator\3.8.8\resources\resources\3d\engine\bin\.cache\dev\editor\bundled\index.js:46965:18)
    at _Deserializer._deserializeObject (C:\ProgramData\cocos\editors\Creator\3.8.8\resources\resources\3d\engine\bin\.cache\dev\editor\bundled\index.js:46901:29)
    at _Deserializer._deserializeAndAssignField (C:\ProgramData\cocos\editors\Creator\3.8.8\resources\resources\3d\engine\bin\.cache\dev\editor\bundled\index.js:47068:38)
    at _Deserializer._deserializeArray (C:\ProgramData\cocos\editors\Creator\3.8.8\resources\resources\3d\engine\bin\.cache\dev\editor\bundled\index.js:46929:40)
    at _Deserializer._deserializeObject (C:\ProgramData\cocos\editors\Creator\3.8.8\resources\resources\3d\engine\bin\.cache\dev\editor\bundled\index.js:46907:29)
    at _Deserializer._deserializeAndAssignField (C:\ProgramData\cocos\editors\Creator\3.8.8\resources\resources\3d\engine\bin\.cache\dev\editor\bundled\index.js:47080:36)
    at eval (C:\ProgramData\cocos\editors\Creator\3.8.8\resources\resources\3d\engine\bin\.cache\dev\editor\bundled\index.js:46669:15)
    at _Deserializer._deserializeFireClass (C:\ProgramData\cocos\editors\Creator\3.8.8\resources\resources\3d\engine\bin\.cache\dev\editor\bundled\index.js:47051:11)
    at _Deserializer._deserializeInto (C:\ProgramData\cocos\editors\Creator\3.8.8\resources\resources\3d\engine\bin\.cache\dev\editor\bundled\index.js:46993:18)
    at _Deserializer._deserializeTypeTaggedObject (C:\ProgramData\cocos\editors\Creator\3.8.8\resources\resources\3d\engine\bin\.cache\dev\editor\bundled\index.js:46965:18)
    at _Deserializer._deserializeObject (C:\ProgramData\cocos\editors\Creator\3.8.8\resources\resources\3d\engine\bin\.cache\dev\editor\bundled\index.js:46901:29)
    at _Deserializer._deserializeAndAssignField (C:\ProgramData\cocos\editors\Creator\3.8.8\resources\resources\3d\engine\bin\.cache\dev\editor\bundled\index.js:47068:38)
    at _Deserializer._deserializeArray (C:\ProgramData\cocos\editors\Creator\3.8.8\resources\resources\3d\engine\bin\.cache\dev\editor\bundled\index.js:46929:40)
    at _Deserializer._deserializeObject (C:\ProgramData\cocos\editors\Creator\3.8.8\resources\resources\3d\engine\bin\.cache\dev\editor\bundled\index.js:46907:29)
    at _Deserializer._deserializeAndAssignField (C:\ProgramData\cocos\editors\Creator\3.8.8\resources\resources\3d\engine\bin\.cache\dev\editor\bundled\index.js:47080:36)
    at eval (C:\ProgramData\cocos\editors\Creator\3.8.8\resources\resources\3d\engine\bin\.cache\dev\editor\bundled\index.js:46669:15)
    at _Deserializer._deserializeFireClass (C:\ProgramData\cocos\editors\Creator\3.8.8\resources\resources\3d\engine\bin\.cache\dev\editor\bundled\index.js:47051:11)
    at _Deserializer._deserializeInto (C:\ProgramData\cocos\editors\Creator\3.8.8\resources\resources\3d\engine\bin\.cache\dev\editor\bundled\index.js:46993:18)
    at _Deserializer._deserializeTypeTaggedObject (C:\ProgramData\cocos\editors\Creator\3.8.8\resources\resources\3d\engine\bin\.cache\dev\editor\bundled\index.js:46965:18)
    at _Deserializer._deserializeObject (C:\ProgramData\cocos\editors\Creator\3.8.8\resources\resources\3d\engine\bin\.cache\dev\editor\bundled\index.js:46901:29)
    at _Deserializer._deserializeAndAssignField (C:\ProgramData\cocos\editors\Creator\3.8.8\resources\resources\3d\engine\bin\.cache\dev\editor\bundled\index.js:47068:38)
    at eval (C:\ProgramData\cocos\editors\Creator\3.8.8\resources\resources\3d\engine\bin\.cache\dev\editor\bundled\index.js:46669:15)
    at _Deserializer._deserializeFireClass (C:\ProgramData\cocos\editors\Creator\3.8.8\resources\resources\3d\engine\bin\.cache\dev\editor\bundled\index.js:47051:11)
    at _Deserializer._deserializeInto (C:\ProgramData\cocos\editors\Creator\3.8.8\resources\resources\3d\engine\bin\.cache\dev\editor\bundled\index.js:46993:18)
    at _Deserializer._deserializeTypeTaggedObject (C:\ProgramData\cocos\editors\Creator\3.8.8\resources\resources\3d\engine\bin\.cache\dev\editor\bundled\index.js:46965:18)
    at _Deserializer._deserializeObject (C:\ProgramData\cocos\editors\Creator\3.8.8\resources\resources\3d\engine\bin\.cache\dev\editor\bundled\index.js:46901:29)
    at _Deserializer.deserialize (C:\ProgramData\cocos\editors\Creator\3.8.8\resources\resources\3d\engine\bin\.cache\dev\editor\bundled\index.js:46873:42)
    at deserializeDynamic (C:\ProgramData\cocos\editors\Creator\3.8.8\resources\resources\3d\engine\bin\.cache\dev\editor\bundled\index.js:46723:30)
    at deserialize (C:\ProgramData\cocos\editors\Creator\3.8.8\resources\resources\3d\engine\bin\.cache\dev\editor\bundled\index.js:47546:13)
    at deserializeAsset (C:\ProgramData\cocos\editors\Creator\3.8.8\resources\resources\3d\engine\bin\.cache\dev\editor\bundled\index.js:137286:15)
    at parseImport (C:\ProgramData\cocos\editors\Creator\3.8.8\resources\resources\3d\engine\bin\.cache\dev\editor\bundled\index.js:139488:22)
    at Parser.parse (C:\ProgramData\cocos\editors\Creator\3.8.8\resources\resources\3d\engine\bin\.cache\dev\editor\bundled\index.js:139571:11)
    at parse (C:\ProgramData\cocos\editors\Creator\3.8.8\resources\resources\3d\engine\bin\.cache\dev\editor\bundled\index.js:138984:20)
    at Pipeline._flow (C:\ProgramData\cocos\editors\Creator\3.8.8\resources\resources\3d\engine\bin\.cache\dev\editor\bundled\index.js:139854:11)
    at eval (C:\ProgramData\cocos\editors\Creator\3.8.8\resources\resources\3d\engine\bin\.cache\dev\editor\bundled\index.js:139864:22)
2026-8-31 18:22:06 - error: [Scene] Script "5a936/u9GFDxLq8mkKN2Wct" attached to "Car" is missing or invalid. Detailed information:
Node path: "Entity/Car"
Script UUID: "5a936fee-f461-43c4-babc-9a428dd9672d"
Class ID: "5a936/u9GFDxLq8mkKN2Wct"
Error: [Scene] Script "5a936/u9GFDxLq8mkKN2Wct" attached to "Car" is missing or invalid. Detailed information:
Node path: "Entity/Car"
Script UUID: "5a936fee-f461-43c4-babc-9a428dd9672d"
Class ID: "5a936/u9GFDxLq8mkKN2Wct"

    at console.error (C:\ProgramData\cocos\editors\Creator\3.8.8\resources\app.asar\node_modules\@sentry\core\src\utils-hoist\instrument\console.ts:40:14)
    at report (C:\ProgramData\cocos\editors\Creator\3.8.8\resources\app.asar\builtin\engine\dist\editor-extends\missing-reporter\missing-class-reporter.ccc:7:25)
    at reportByWalker (C:\ProgramData\cocos\editors\Creator\3.8.8\resources\app.asar\builtin\engine\dist\editor-extends\missing-reporter\missing-class-reporter.ccc:7:127)
2026-8-31 20:20:52 - warn: [Scene] You are trying to destroy a object twice or more.Error: [Scene] You are trying to destroy a object twice or more.
    at console.warn (C:\ProgramData\cocos\editors\Creator\3.8.8\resources\app.asar\node_modules\@sentry\core\src\utils-hoist\instrument\console.ts:40:14)
    at warn (C:\ProgramData\cocos\editors\Creator\3.8.8\resources\resources\3d\engine\bin\.cache\dev\editor\bundled\index.js:162864:12)
    at warnID (C:\ProgramData\cocos\editors\Creator\3.8.8\resources\resources\3d\engine\bin\.cache\dev\editor\bundled\index.js:163052:5)
    at Node.destroy (C:\ProgramData\cocos\editors\Creator\3.8.8\resources\resources\3d\engine\bin\.cache\dev\editor\bundled\index.js:145706:13)
    at Node.destroy (C:\ProgramData\cocos\editors\Creator\3.8.8\resources\resources\3d\engine\bin\.cache\dev\editor\bundled\index.js:58015:21)
    at MiniPreview.clearByComponent (C:\ProgramData\cocos\editors\Creator\3.8.8\resources\app.asar\builtin\scene\dist\script\3d\manager\mini-preview\index.ccc:1:3685)
    at MiniPreview.createPreviewNode (C:\ProgramData\cocos\editors\Creator\3.8.8\resources\app.asar\builtin\scene\dist\script\3d\manager\mini-preview\index.ccc:1:4036)
    at MiniPreview.handleSelect (C:\ProgramData\cocos\editors\Creator\3.8.8\resources\app.asar\builtin\scene\dist\script\3d\manager\mini-preview\index.ccc:1:3277)
    at PreviewManager.callPreviewFunction (C:\ProgramData\cocos\editors\Creator\3.8.8\resources\app.asar\builtin\scene\dist\script\3d\manager\preview\index.ccc:1:3351)
    at SceneFacadeManager.callPreviewFunction (C:\ProgramData\cocos\editors\Creator\3.8.8\resources\app.asar\builtin\scene\dist\script\3d\facade\scene-facade-manager.ccc:1:29271)
    at step (C:\ProgramData\cocos\editors\Creator\3.8.8\resources\app.asar\builtin\scene\dist\script\3d\manager\ipc\web\ipc.ccc:1:733)
    at C:\ProgramData\cocos\editors\Creator\3.8.8\resources\app.asar\builtin\scene\dist\script\3d\manager\ipc\web\ipc.ccc:2:377
    at new Promise (<anonymous>)
    at C:\ProgramData\cocos\editors\Creator\3.8.8\resources\app.asar\builtin\scene\dist\script\3d\manager\ipc\web\ipc.ccc:2:314
    at IpcRenderer.<anonymous> (C:\ProgramData\cocos\editors\Creator\3.8.8\resources\app.asar\builtin\scene\dist\script\3d\manager\ipc\web\webview.ccc:1:973)
    at IpcRenderer.emit (node:events:519:28)
    at Object.onMessage (node:electron/js2c/renderer_init:2:8837)
